=== peak pes 1 rep 1 ===
Running Task Benchmark
  Configuration:
    Task Graph 1:
      Time Steps: 2000
      Max Width: 1
      Dependence Type: trivial
      Radix: 3
      Period: 0
      Fraction Connected: 0.250000
      Kernel:
        Type: compute_bound
        Iterations: 16384
        Samples: 16
        Imbalance: 0.000000
      Output Bytes: 16
      Scratch Bytes: 0
thread #0, nb_tasks 2000, time (0x2028ce0, 0x2028d00), 110.334158 ms, flop/s 3.801572e+10
Total Tasks 2000
Total Dependencies 0
  Unable to estimate local/nonlocal dependencies
Total FLOPs 4194432000
Total Bytes 0
Elapsed Time 1.103342e-01 seconds
FLOP/s 3.801572e+10
B/s 0.000000e+00
Transfer (estimated):
  Unable to estimate local/nonlocal transfer
total time (1785431782825.790771, 1785431782936.125000) 110.334158 ms
=== peak pes 1 rep 2 ===
Running Task Benchmark
  Configuration:
    Task Graph 1:
      Time Steps: 2000
      Max Width: 1
      Dependence Type: trivial
      Radix: 3
      Period: 0
      Fraction Connected: 0.250000
      Kernel:
        Type: compute_bound
        Iterations: 16384
        Samples: 16
        Imbalance: 0.000000
      Output Bytes: 16
      Scratch Bytes: 0
thread #0, nb_tasks 2000, time (0x9d8ce0, 0x9d8d00), 110.422134 ms, flop/s 3.798543e+10
Total Tasks 2000
Total Dependencies 0
  Unable to estimate local/nonlocal dependencies
Total FLOPs 4194432000
Total Bytes 0
Elapsed Time 1.104221e-01 seconds
FLOP/s 3.798543e+10
B/s 0.000000e+00
Transfer (estimated):
  Unable to estimate local/nonlocal transfer
total time (1785431783017.046875, 1785431783127.468994) 110.422134 ms
=== peak pes 1 rep 3 ===
Running Task Benchmark
  Configuration:
    Task Graph 1:
      Time Steps: 2000
      Max Width: 1
      Dependence Type: trivial
      Radix: 3
      Period: 0
      Fraction Connected: 0.250000
      Kernel:
        Type: compute_bound
        Iterations: 16384
        Samples: 16
        Imbalance: 0.000000
      Output Bytes: 16
      Scratch Bytes: 0
thread #0, nb_tasks 2000, time (0xef3ce0, 0xef3d00), 110.384941 ms, flop/s 3.799823e+10
Total Tasks 2000
Total Dependencies 0
  Unable to estimate local/nonlocal dependencies
Total FLOPs 4194432000
Total Bytes 0
Elapsed Time 1.103849e-01 seconds
FLOP/s 3.799823e+10
B/s 0.000000e+00
Transfer (estimated):
  Unable to estimate local/nonlocal transfer
total time (1785431783212.956055, 1785431783323.340820) 110.384941 ms
=== peak pes 1 rep 4 ===
Running Task Benchmark
  Configuration:
    Task Graph 1:
      Time Steps: 2000
      Max Width: 1
      Dependence Type: trivial
      Radix: 3
      Period: 0
      Fraction Connected: 0.250000
      Kernel:
        Type: compute_bound
        Iterations: 16384
        Samples: 16
        Imbalance: 0.000000
      Output Bytes: 16
      Scratch Bytes: 0
thread #0, nb_tasks 2000, time (0x1f9cce0, 0x1f9cd00), 110.366106 ms, flop/s 3.800471e+10
Total Tasks 2000
Total Dependencies 0
  Unable to estimate local/nonlocal dependencies
Total FLOPs 4194432000
Total Bytes 0
Elapsed Time 1.103661e-01 seconds
FLOP/s 3.800471e+10
B/s 0.000000e+00
Transfer (estimated):
  Unable to estimate local/nonlocal transfer
total time (1785431783399.291992, 1785431783509.658203) 110.366106 ms
=== peak pes 1 rep 5 ===
Running Task Benchmark
  Configuration:
    Task Graph 1:
      Time Steps: 2000
      Max Width: 1
      Dependence Type: trivial
      Radix: 3
      Period: 0
      Fraction Connected: 0.250000
      Kernel:
        Type: compute_bound
        Iterations: 16384
        Samples: 16
        Imbalance: 0.000000
      Output Bytes: 16
      Scratch Bytes: 0
thread #0, nb_tasks 2000, time (0xc86ce0, 0xc86d00), 110.373974 ms, flop/s 3.800200e+10
Total Tasks 2000
Total Dependencies 0
  Unable to estimate local/nonlocal dependencies
Total FLOPs 4194432000
Total Bytes 0
Elapsed Time 1.103740e-01 seconds
FLOP/s 3.800200e+10
B/s 0.000000e+00
Transfer (estimated):
  Unable to estimate local/nonlocal transfer
total time (1785431783597.531982, 1785431783707.906006) 110.373974 ms
=== peak pes 1 rep 6 ===
Running Task Benchmark
  Configuration:
    Task Graph 1:
      Time Steps: 2000
      Max Width: 1
      Dependence Type: trivial
      Radix: 3
      Period: 0
      Fraction Connected: 0.250000
      Kernel:
        Type: compute_bound
        Iterations: 16384
        Samples: 16
        Imbalance: 0.000000
      Output Bytes: 16
      Scratch Bytes: 0
thread #0, nb_tasks 2000, time (0x2070ce0, 0x2070d00), 110.357046 ms, flop/s 3.800783e+10
Total Tasks 2000
Total Dependencies 0
  Unable to estimate local/nonlocal dependencies
Total FLOPs 4194432000
Total Bytes 0
Elapsed Time 1.103570e-01 seconds
FLOP/s 3.800783e+10
B/s 0.000000e+00
Transfer (estimated):
  Unable to estimate local/nonlocal transfer
total time (1785431783777.700928, 1785431783888.057861) 110.357046 ms
=== peak pes 1 rep 7 ===
Running Task Benchmark
  Configuration:
    Task Graph 1:
      Time Steps: 2000
      Max Width: 1
      Dependence Type: trivial
      Radix: 3
      Period: 0
      Fraction Connected: 0.250000
      Kernel:
        Type: compute_bound
        Iterations: 16384
        Samples: 16
        Imbalance: 0.000000
      Output Bytes: 16
      Scratch Bytes: 0
thread #0, nb_tasks 2000, time (0x1993ce0, 0x1993d00), 110.378027 ms, flop/s 3.800061e+10
Total Tasks 2000
Total Dependencies 0
  Unable to estimate local/nonlocal dependencies
Total FLOPs 4194432000
Total Bytes 0
Elapsed Time 1.103780e-01 seconds
FLOP/s 3.800061e+10
B/s 0.000000e+00
Transfer (estimated):
  Unable to estimate local/nonlocal transfer
total time (1785431783976.294922, 1785431784086.673096) 110.378027 ms
=== peak pes 1 rep 8 ===
Running Task Benchmark
  Configuration:
    Task Graph 1:
      Time Steps: 2000
      Max Width: 1
      Dependence Type: trivial
      Radix: 3
      Period: 0
      Fraction Connected: 0.250000
      Kernel:
        Type: compute_bound
        Iterations: 16384
        Samples: 16
        Imbalance: 0.000000
      Output Bytes: 16
      Scratch Bytes: 0
thread #0, nb_tasks 2000, time (0xc72ce0, 0xc72d00), 110.472918 ms, flop/s 3.796797e+10
Total Tasks 2000
Total Dependencies 0
  Unable to estimate local/nonlocal dependencies
Total FLOPs 4194432000
Total Bytes 0
Elapsed Time 1.104729e-01 seconds
FLOP/s 3.796797e+10
B/s 0.000000e+00
Transfer (estimated):
  Unable to estimate local/nonlocal transfer
total time (1785431784165.643066, 1785431784276.115967) 110.472918 ms
=== peak pes 1 rep 9 ===
Running Task Benchmark
  Configuration:
    Task Graph 1:
      Time Steps: 2000
      Max Width: 1
      Dependence Type: trivial
      Radix: 3
      Period: 0
      Fraction Connected: 0.250000
      Kernel:
        Type: compute_bound
        Iterations: 16384
        Samples: 16
        Imbalance: 0.000000
      Output Bytes: 16
      Scratch Bytes: 0
thread #0, nb_tasks 2000, time (0x1881ce0, 0x1881d00), 110.366106 ms, flop/s 3.800471e+10
Total Tasks 2000
Total Dependencies 0
  Unable to estimate local/nonlocal dependencies
Total FLOPs 4194432000
Total Bytes 0
Elapsed Time 1.103661e-01 seconds
FLOP/s 3.800471e+10
B/s 0.000000e+00
Transfer (estimated):
  Unable to estimate local/nonlocal transfer
total time (1785431784355.901123, 1785431784466.267090) 110.366106 ms
=== peak pes 1 rep 10 ===
Running Task Benchmark
  Configuration:
    Task Graph 1:
      Time Steps: 2000
      Max Width: 1
      Dependence Type: trivial
      Radix: 3
      Period: 0
      Fraction Connected: 0.250000
      Kernel:
        Type: compute_bound
        Iterations: 16384
        Samples: 16
        Imbalance: 0.000000
      Output Bytes: 16
      Scratch Bytes: 0
thread #0, nb_tasks 2000, time (0x2333ce0, 0x2333d00), 110.607147 ms, flop/s 3.792189e+10
Total Tasks 2000
Total Dependencies 0
  Unable to estimate local/nonlocal dependencies
Total FLOPs 4194432000
Total Bytes 0
Elapsed Time 1.106071e-01 seconds
FLOP/s 3.792189e+10
B/s 0.000000e+00
Transfer (estimated):
  Unable to estimate local/nonlocal transfer
total time (1785431784547.534912, 1785431784658.142090) 110.607147 ms
=== peak pes 1 rep 11 ===
Running Task Benchmark
  Configuration:
    Task Graph 1:
      Time Steps: 2000
      Max Width: 1
      Dependence Type: trivial
      Radix: 3
      Period: 0
      Fraction Connected: 0.250000
      Kernel:
        Type: compute_bound
        Iterations: 16384
        Samples: 16
        Imbalance: 0.000000
      Output Bytes: 16
      Scratch Bytes: 0
thread #0, nb_tasks 2000, time (0x13cdce0, 0x13cdd00), 110.456944 ms, flop/s 3.797346e+10
Total Tasks 2000
Total Dependencies 0
  Unable to estimate local/nonlocal dependencies
Total FLOPs 4194432000
Total Bytes 0
Elapsed Time 1.104569e-01 seconds
FLOP/s 3.797346e+10
B/s 0.000000e+00
Transfer (estimated):
  Unable to estimate local/nonlocal transfer
total time (1785431784749.129150, 1785431784859.585938) 110.456944 ms
=== peak pes 1 rep 12 ===
Running Task Benchmark
  Configuration:
    Task Graph 1:
      Time Steps: 2000
      Max Width: 1
      Dependence Type: trivial
      Radix: 3
      Period: 0
      Fraction Connected: 0.250000
      Kernel:
        Type: compute_bound
        Iterations: 16384
        Samples: 16
        Imbalance: 0.000000
      Output Bytes: 16
      Scratch Bytes: 0
thread #0, nb_tasks 2000, time (0x1578ce0, 0x1578d00), 110.365868 ms, flop/s 3.800479e+10
Total Tasks 2000
Total Dependencies 0
  Unable to estimate local/nonlocal dependencies
Total FLOPs 4194432000
Total Bytes 0
Elapsed Time 1.103659e-01 seconds
FLOP/s 3.800479e+10
B/s 0.000000e+00
Transfer (estimated):
  Unable to estimate local/nonlocal transfer
total time (1785431784958.156006, 1785431785068.521973) 110.365868 ms
=== peak pes 1 rep 13 ===
Running Task Benchmark
  Configuration:
    Task Graph 1:
      Time Steps: 2000
      Max Width: 1
      Dependence Type: trivial
      Radix: 3
      Period: 0
      Fraction Connected: 0.250000
      Kernel:
        Type: compute_bound
        Iterations: 16384
        Samples: 16
        Imbalance: 0.000000
      Output Bytes: 16
      Scratch Bytes: 0
thread #0, nb_tasks 2000, time (0xdf9ce0, 0xdf9d00), 110.360861 ms, flop/s 3.800652e+10
Total Tasks 2000
Total Dependencies 0
  Unable to estimate local/nonlocal dependencies
Total FLOPs 4194432000
Total Bytes 0
Elapsed Time 1.103609e-01 seconds
FLOP/s 3.800652e+10
B/s 0.000000e+00
Transfer (estimated):
  Unable to estimate local/nonlocal transfer
total time (1785431785171.229980, 1785431785281.590820) 110.360861 ms
=== peak pes 1 rep 14 ===
Running Task Benchmark
  Configuration:
    Task Graph 1:
      Time Steps: 2000
      Max Width: 1
      Dependence Type: trivial
      Radix: 3
      Period: 0
      Fraction Connected: 0.250000
      Kernel:
        Type: compute_bound
        Iterations: 16384
        Samples: 16
        Imbalance: 0.000000
      Output Bytes: 16
      Scratch Bytes: 0
thread #0, nb_tasks 2000, time (0x1e45ce0, 0x1e45d00), 110.362053 ms, flop/s 3.800611e+10
Total Tasks 2000
Total Dependencies 0
  Unable to estimate local/nonlocal dependencies
Total FLOPs 4194432000
Total Bytes 0
Elapsed Time 1.103621e-01 seconds
FLOP/s 3.800611e+10
B/s 0.000000e+00
Transfer (estimated):
  Unable to estimate local/nonlocal transfer
total time (1785431785376.754883, 1785431785487.116943) 110.362053 ms
=== peak pes 1 rep 15 ===
Running Task Benchmark
  Configuration:
    Task Graph 1:
      Time Steps: 2000
      Max Width: 1
      Dependence Type: trivial
      Radix: 3
      Period: 0
      Fraction Connected: 0.250000
      Kernel:
        Type: compute_bound
        Iterations: 16384
        Samples: 16
        Imbalance: 0.000000
      Output Bytes: 16
      Scratch Bytes: 0
thread #0, nb_tasks 2000, time (0x598ce0, 0x598d00), 110.331059 ms, flop/s 3.801678e+10
Total Tasks 2000
Total Dependencies 0
  Unable to estimate local/nonlocal dependencies
Total FLOPs 4194432000
Total Bytes 0
Elapsed Time 1.103311e-01 seconds
FLOP/s 3.801678e+10
B/s 0.000000e+00
Transfer (estimated):
  Unable to estimate local/nonlocal transfer
total time (1785431785581.527100, 1785431785691.858154) 110.331059 ms
=== peak pes 2 rep 1 ===
Running Task Benchmark
  Configuration:
    Task Graph 1:
      Time Steps: 2000
      Max Width: 2
      Dependence Type: trivial
      Radix: 3
      Period: 0
      Fraction Connected: 0.250000
      Kernel:
        Type: compute_bound
        Iterations: 16384
        Samples: 16
        Imbalance: 0.000000
      Output Bytes: 16
      Scratch Bytes: 0
thread #0, nb_tasks 2000, time (0x1b4cd40, 0x1b4cd60), 110.390902 ms, flop/s 3.799617e+10
thread #1, nb_tasks 2000, time (0x1b4cd48, 0x1b4cd68), 137.909889 ms, flop/s 3.041429e+10
Total Tasks 4000
Total Dependencies 0
  Unable to estimate local/nonlocal dependencies
Total FLOPs 8388864000
Total Bytes 0
Elapsed Time 1.379099e-01 seconds
FLOP/s 6.082859e+10
B/s 0.000000e+00
Transfer (estimated):
  Unable to estimate local/nonlocal transfer
total time (1785431785779.289062, 1785431785917.198975) 137.909889 ms
=== peak pes 2 rep 2 ===
Running Task Benchmark
  Configuration:
    Task Graph 1:
      Time Steps: 2000
      Max Width: 2
      Dependence Type: trivial
      Radix: 3
      Period: 0
      Fraction Connected: 0.250000
      Kernel:
        Type: compute_bound
        Iterations: 16384
        Samples: 16
        Imbalance: 0.000000
      Output Bytes: 16
      Scratch Bytes: 0
thread #0, nb_tasks 2000, time (0xbffd40, 0xbffd60), 110.435009 ms, flop/s 3.798100e+10
thread #1, nb_tasks 2000, time (0xbffd48, 0xbffd68), 137.969017 ms, flop/s 3.040126e+10
Total Tasks 4000
Total Dependencies 0
  Unable to estimate local/nonlocal dependencies
Total FLOPs 8388864000
Total Bytes 0
Elapsed Time 1.379690e-01 seconds
FLOP/s 6.080252e+10
B/s 0.000000e+00
Transfer (estimated):
  Unable to estimate local/nonlocal transfer
total time (1785431786001.822021, 1785431786139.791016) 137.969017 ms
=== peak pes 2 rep 3 ===
Running Task Benchmark
  Configuration:
    Task Graph 1:
      Time Steps: 2000
      Max Width: 2
      Dependence Type: trivial
      Radix: 3
      Period: 0
      Fraction Connected: 0.250000
      Kernel:
        Type: compute_bound
        Iterations: 16384
        Samples: 16
        Imbalance: 0.000000
      Output Bytes: 16
      Scratch Bytes: 0
thread #0, nb_tasks 2000, time (0x961d40, 0x961d60), 110.347033 ms, flop/s 3.801128e+10
thread #1, nb_tasks 2000, time (0x961d48, 0x961d68), 137.938023 ms, flop/s 3.040809e+10
Total Tasks 4000
Total Dependencies 0
  Unable to estimate local/nonlocal dependencies
Total FLOPs 8388864000
Total Bytes 0
Elapsed Time 1.379380e-01 seconds
FLOP/s 6.081618e+10
B/s 0.000000e+00
Transfer (estimated):
  Unable to estimate local/nonlocal transfer
total time (1785431786239.017090, 1785431786376.955078) 137.938023 ms
=== peak pes 2 rep 4 ===
Running Task Benchmark
  Configuration:
    Task Graph 1:
      Time Steps: 2000
      Max Width: 2
      Dependence Type: trivial
      Radix: 3
      Period: 0
      Fraction Connected: 0.250000
      Kernel:
        Type: compute_bound
        Iterations: 16384
        Samples: 16
        Imbalance: 0.000000
      Output Bytes: 16
      Scratch Bytes: 0
thread #0, nb_tasks 2000, time (0x2338d40, 0x2338d60), 110.616922 ms, flop/s 3.791854e+10
thread #1, nb_tasks 2000, time (0x2338d48, 0x2338d68), 138.000011 ms, flop/s 3.039443e+10
Total Tasks 4000
Total Dependencies 0
  Unable to estimate local/nonlocal dependencies
Total FLOPs 8388864000
Total Bytes 0
Elapsed Time 1.380000e-01 seconds
FLOP/s 6.078886e+10
B/s 0.000000e+00
Transfer (estimated):
  Unable to estimate local/nonlocal transfer
total time (1785431786461.155029, 1785431786599.155029) 138.000011 ms
=== peak pes 2 rep 5 ===
Running Task Benchmark
  Configuration:
    Task Graph 1:
      Time Steps: 2000
      Max Width: 2
      Dependence Type: trivial
      Radix: 3
      Period: 0
      Fraction Connected: 0.250000
      Kernel:
        Type: compute_bound
        Iterations: 16384
        Samples: 16
        Imbalance: 0.000000
      Output Bytes: 16
      Scratch Bytes: 0
thread #0, nb_tasks 2000, time (0xc56d40, 0xc56d60), 110.499144 ms, flop/s 3.795895e+10
thread #1, nb_tasks 2000, time (0xc56d48, 0xc56d68), 137.967110 ms, flop/s 3.040168e+10
Total Tasks 4000
Total Dependencies 0
  Unable to estimate local/nonlocal dependencies
Total FLOPs 8388864000
Total Bytes 0
Elapsed Time 1.379671e-01 seconds
FLOP/s 6.080336e+10
B/s 0.000000e+00
Transfer (estimated):
  Unable to estimate local/nonlocal transfer
total time (1785431786675.721924, 1785431786813.688965) 137.967110 ms
=== peak pes 2 rep 6 ===
Running Task Benchmark
  Configuration:
    Task Graph 1:
      Time Steps: 2000
      Max Width: 2
      Dependence Type: trivial
      Radix: 3
      Period: 0
      Fraction Connected: 0.250000
      Kernel:
        Type: compute_bound
        Iterations: 16384
        Samples: 16
        Imbalance: 0.000000
      Output Bytes: 16
      Scratch Bytes: 0
thread #0, nb_tasks 2000, time (0x4a6d40, 0x4a6d60), 110.340834 ms, flop/s 3.801342e+10
thread #1, nb_tasks 2000, time (0x4a6d48, 0x4a6d68), 138.038158 ms, flop/s 3.038603e+10
Total Tasks 4000
Total Dependencies 0
  Unable to estimate local/nonlocal dependencies
Total FLOPs 8388864000
Total Bytes 0
Elapsed Time 1.380382e-01 seconds
FLOP/s 6.077207e+10
B/s 0.000000e+00
Transfer (estimated):
  Unable to estimate local/nonlocal transfer
total time (1785431786897.826904, 1785431787035.864990) 138.038158 ms
=== peak pes 2 rep 7 ===
Running Task Benchmark
  Configuration:
    Task Graph 1:
      Time Steps: 2000
      Max Width: 2
      Dependence Type: trivial
      Radix: 3
      Period: 0
      Fraction Connected: 0.250000
      Kernel:
        Type: compute_bound
        Iterations: 16384
        Samples: 16
        Imbalance: 0.000000
      Output Bytes: 16
      Scratch Bytes: 0
thread #0, nb_tasks 2000, time (0x528d40, 0x528d60), 110.447168 ms, flop/s 3.797682e+10
thread #1, nb_tasks 2000, time (0x528d48, 0x528d68), 137.978077 ms, flop/s 3.039926e+10
Total Tasks 4000
Total Dependencies 0
  Unable to estimate local/nonlocal dependencies
Total FLOPs 8388864000
Total Bytes 0
Elapsed Time 1.379781e-01 seconds
FLOP/s 6.079853e+10
B/s 0.000000e+00
Transfer (estimated):
  Unable to estimate local/nonlocal transfer
total time (1785431787122.366943, 1785431787260.344971) 137.978077 ms
=== peak pes 2 rep 8 ===
Running Task Benchmark
  Configuration:
    Task Graph 1:
      Time Steps: 2000
      Max Width: 2
      Dependence Type: trivial
      Radix: 3
      Period: 0
      Fraction Connected: 0.250000
      Kernel:
        Type: compute_bound
        Iterations: 16384
        Samples: 16
        Imbalance: 0.000000
      Output Bytes: 16
      Scratch Bytes: 0
thread #0, nb_tasks 2000, time (0x141bd40, 0x141bd60), 110.404968 ms, flop/s 3.799133e+10
thread #1, nb_tasks 2000, time (0x141bd48, 0x141bd68), 137.966156 ms, flop/s 3.040189e+10
Total Tasks 4000
Total Dependencies 0
  Unable to estimate local/nonlocal dependencies
Total FLOPs 8388864000
Total Bytes 0
Elapsed Time 1.379662e-01 seconds
FLOP/s 6.080378e+10
B/s 0.000000e+00
Transfer (estimated):
  Unable to estimate local/nonlocal transfer
total time (1785431787345.614014, 1785431787483.580078) 137.966156 ms
=== peak pes 2 rep 9 ===
Running Task Benchmark
  Configuration:
    Task Graph 1:
      Time Steps: 2000
      Max Width: 2
      Dependence Type: trivial
      Radix: 3
      Period: 0
      Fraction Connected: 0.250000
      Kernel:
        Type: compute_bound
        Iterations: 16384
        Samples: 16
        Imbalance: 0.000000
      Output Bytes: 16
      Scratch Bytes: 0
thread #0, nb_tasks 2000, time (0x1957d40, 0x1957d60), 110.372066 ms, flop/s 3.800266e+10
thread #1, nb_tasks 2000, time (0x1957d48, 0x1957d68), 137.923002 ms, flop/s 3.041140e+10
Total Tasks 4000
Total Dependencies 0
  Unable to estimate local/nonlocal dependencies
Total FLOPs 8388864000
Total Bytes 0
Elapsed Time 1.379230e-01 seconds
FLOP/s 6.082281e+10
B/s 0.000000e+00
Transfer (estimated):
  Unable to estimate local/nonlocal transfer
total time (1785431787567.031982, 1785431787704.955078) 137.923002 ms
=== peak pes 2 rep 10 ===
Running Task Benchmark
  Configuration:
    Task Graph 1:
      Time Steps: 2000
      Max Width: 2
      Dependence Type: trivial
      Radix: 3
      Period: 0
      Fraction Connected: 0.250000
      Kernel:
        Type: compute_bound
        Iterations: 16384
        Samples: 16
        Imbalance: 0.000000
      Output Bytes: 16
      Scratch Bytes: 0
thread #0, nb_tasks 2000, time (0x53cd40, 0x53cd60), 110.382080 ms, flop/s 3.799921e+10
thread #1, nb_tasks 2000, time (0x53cd48, 0x53cd68), 137.907028 ms, flop/s 3.041493e+10
Total Tasks 4000
Total Dependencies 0
  Unable to estimate local/nonlocal dependencies
Total FLOPs 8388864000
Total Bytes 0
Elapsed Time 1.379070e-01 seconds
FLOP/s 6.082985e+10
B/s 0.000000e+00
Transfer (estimated):
  Unable to estimate local/nonlocal transfer
total time (1785431787788.333008, 1785431787926.239990) 137.907028 ms
=== peak pes 2 rep 11 ===
Running Task Benchmark
  Configuration:
    Task Graph 1:
      Time Steps: 2000
      Max Width: 2
      Dependence Type: trivial
      Radix: 3
      Period: 0
      Fraction Connected: 0.250000
      Kernel:
        Type: compute_bound
        Iterations: 16384
        Samples: 16
        Imbalance: 0.000000
      Output Bytes: 16
      Scratch Bytes: 0
thread #0, nb_tasks 2000, time (0x2301d40, 0x2301d60), 110.450983 ms, flop/s 3.797551e+10
thread #1, nb_tasks 2000, time (0x2301d48, 0x2301d68), 137.979984 ms, flop/s 3.039884e+10
Total Tasks 4000
Total Dependencies 0
  Unable to estimate local/nonlocal dependencies
Total FLOPs 8388864000
Total Bytes 0
Elapsed Time 1.379800e-01 seconds
FLOP/s 6.079769e+10
B/s 0.000000e+00
Transfer (estimated):
  Unable to estimate local/nonlocal transfer
total time (1785431788005.508789, 1785431788143.488770) 137.979984 ms
=== peak pes 2 rep 12 ===
Running Task Benchmark
  Configuration:
    Task Graph 1:
      Time Steps: 2000
      Max Width: 2
      Dependence Type: trivial
      Radix: 3
      Period: 0
      Fraction Connected: 0.250000
      Kernel:
        Type: compute_bound
        Iterations: 16384
        Samples: 16
        Imbalance: 0.000000
      Output Bytes: 16
      Scratch Bytes: 0
thread #0, nb_tasks 2000, time (0x1768d40, 0x1768d60), 110.356092 ms, flop/s 3.800816e+10
thread #1, nb_tasks 2000, time (0x1768d48, 0x1768d68), 138.100147 ms, flop/s 3.037239e+10
Total Tasks 4000
Total Dependencies 0
  Unable to estimate local/nonlocal dependencies
Total FLOPs 8388864000
Total Bytes 0
Elapsed Time 1.381001e-01 seconds
FLOP/s 6.074479e+10
B/s 0.000000e+00
Transfer (estimated):
  Unable to estimate local/nonlocal transfer
total time (1785431788224.011963, 1785431788362.112061) 138.100147 ms
=== peak pes 2 rep 13 ===
Running Task Benchmark
  Configuration:
    Task Graph 1:
      Time Steps: 2000
      Max Width: 2
      Dependence Type: trivial
      Radix: 3
      Period: 0
      Fraction Connected: 0.250000
      Kernel:
        Type: compute_bound
        Iterations: 16384
        Samples: 16
        Imbalance: 0.000000
      Output Bytes: 16
      Scratch Bytes: 0
thread #0, nb_tasks 2000, time (0x93cd40, 0x93cd60), 110.478878 ms, flop/s 3.796592e+10
thread #1, nb_tasks 2000, time (0x93cd48, 0x93cd68), 138.118982 ms, flop/s 3.036825e+10
Total Tasks 4000
Total Dependencies 0
  Unable to estimate local/nonlocal dependencies
Total FLOPs 8388864000
Total Bytes 0
Elapsed Time 1.381190e-01 seconds
FLOP/s 6.073650e+10
B/s 0.000000e+00
Transfer (estimated):
  Unable to estimate local/nonlocal transfer
total time (1785431788438.241943, 1785431788576.360840) 138.118982 ms
=== peak pes 2 rep 14 ===
Running Task Benchmark
  Configuration:
    Task Graph 1:
      Time Steps: 2000
      Max Width: 2
      Dependence Type: trivial
      Radix: 3
      Period: 0
      Fraction Connected: 0.250000
      Kernel:
        Type: compute_bound
        Iterations: 16384
        Samples: 16
        Imbalance: 0.000000
      Output Bytes: 16
      Scratch Bytes: 0
thread #0, nb_tasks 2000, time (0x2348d40, 0x2348d60), 110.403061 ms, flop/s 3.799199e+10
thread #1, nb_tasks 2000, time (0x2348d48, 0x2348d68), 137.961149 ms, flop/s 3.040299e+10
Total Tasks 4000
Total Dependencies 0
  Unable to estimate local/nonlocal dependencies
Total FLOPs 8388864000
Total Bytes 0
Elapsed Time 1.379611e-01 seconds
FLOP/s 6.080599e+10
B/s 0.000000e+00
Transfer (estimated):
  Unable to estimate local/nonlocal transfer
total time (1785431788656.479004, 1785431788794.439941) 137.961149 ms
=== peak pes 2 rep 15 ===
Running Task Benchmark
  Configuration:
    Task Graph 1:
      Time Steps: 2000
      Max Width: 2
      Dependence Type: trivial
      Radix: 3
      Period: 0
      Fraction Connected: 0.250000
      Kernel:
        Type: compute_bound
        Iterations: 16384
        Samples: 16
        Imbalance: 0.000000
      Output Bytes: 16
      Scratch Bytes: 0
thread #0, nb_tasks 2000, time (0x1140d40, 0x1140d60), 110.408783 ms, flop/s 3.799002e+10
thread #1, nb_tasks 2000, time (0x1140d48, 0x1140d68), 137.915850 ms, flop/s 3.041298e+10
Total Tasks 4000
Total Dependencies 0
  Unable to estimate local/nonlocal dependencies
Total FLOPs 8388864000
Total Bytes 0
Elapsed Time 1.379158e-01 seconds
FLOP/s 6.082596e+10
B/s 0.000000e+00
Transfer (estimated):
  Unable to estimate local/nonlocal transfer
total time (1785431788874.138184, 1785431789012.053955) 137.915850 ms
=== peak pes 4 rep 1 ===
Running Task Benchmark
  Configuration:
    Task Graph 1:
      Time Steps: 2000
      Max Width: 4
      Dependence Type: trivial
      Radix: 3
      Period: 0
      Fraction Connected: 0.250000
      Kernel:
        Type: compute_bound
        Iterations: 16384
        Samples: 16
        Imbalance: 0.000000
      Output Bytes: 16
      Scratch Bytes: 0
thread #0, nb_tasks 2000, time (0x13acde0, 0x13ace10), 110.360146 ms, flop/s 3.800676e+10
thread #1, nb_tasks 2000, time (0x13acde8, 0x13ace18), 137.901068 ms, flop/s 3.041624e+10
thread #3, nb_tasks 2000, time (0x13acdf8, 0x13ace28), 137.935162 ms, flop/s 3.040872e+10
thread #2, nb_tasks 2000, time (0x13acdf0, 0x13ace20), 138.043165 ms, flop/s 3.038493e+10
Total Tasks 8000
Total Dependencies 0
  Unable to estimate local/nonlocal dependencies
Total FLOPs 16777728000
Total Bytes 0
Elapsed Time 1.380472e-01 seconds
FLOP/s 1.215362e+11
B/s 0.000000e+00
Transfer (estimated):
  Unable to estimate local/nonlocal transfer
total time (1785431789092.933838, 1785431789230.981201) 138.047218 ms
=== peak pes 4 rep 2 ===
Running Task Benchmark
  Configuration:
    Task Graph 1:
      Time Steps: 2000
      Max Width: 4
      Dependence Type: trivial
      Radix: 3
      Period: 0
      Fraction Connected: 0.250000
      Kernel:
        Type: compute_bound
        Iterations: 16384
        Samples: 16
        Imbalance: 0.000000
      Output Bytes: 16
      Scratch Bytes: 0
thread #0, nb_tasks 2000, time (0x234ede0, 0x234ee10), 110.455990 ms, flop/s 3.797378e+10
thread #2, nb_tasks 2000, time (0x234edf0, 0x234ee20), 137.940168 ms, flop/s 3.040762e+10
thread #1, nb_tasks 2000, time (0x234ede8, 0x234ee18), 137.938976 ms, flop/s 3.040788e+10
thread #3, nb_tasks 2000, time (0x234edf8, 0x234ee28), 137.965918 ms, flop/s 3.040194e+10
Total Tasks 8000
Total Dependencies 0
  Unable to estimate local/nonlocal dependencies
Total FLOPs 16777728000
Total Bytes 0
Elapsed Time 1.379671e-01 seconds
FLOP/s 1.216067e+11
B/s 0.000000e+00
Transfer (estimated):
  Unable to estimate local/nonlocal transfer
total time (1785431789319.886963, 1785431789457.854004) 137.967110 ms
=== peak pes 4 rep 3 ===
Running Task Benchmark
  Configuration:
    Task Graph 1:
      Time Steps: 2000
      Max Width: 4
      Dependence Type: trivial
      Radix: 3
      Period: 0
      Fraction Connected: 0.250000
      Kernel:
        Type: compute_bound
        Iterations: 16384
        Samples: 16
        Imbalance: 0.000000
      Output Bytes: 16
      Scratch Bytes: 0
thread #0, nb_tasks 2000, time (0x828de0, 0x828e10), 110.535145 ms, flop/s 3.794659e+10
thread #2, nb_tasks 2000, time (0x828df0, 0x828e20), 137.907028 ms, flop/s 3.041493e+10
thread #1, nb_tasks 2000, time (0x828de8, 0x828e18), 137.905121 ms, flop/s 3.041535e+10
thread #3, nb_tasks 2000, time (0x828df8, 0x828e28), 138.077974 ms, flop/s 3.037727e+10
Total Tasks 8000
Total Dependencies 0
  Unable to estimate local/nonlocal dependencies
Total FLOPs 16777728000
Total Bytes 0
Elapsed Time 1.380789e-01 seconds
FLOP/s 1.215082e+11
B/s 0.000000e+00
Transfer (estimated):
  Unable to estimate local/nonlocal transfer
total time (1785431789539.093018, 1785431789677.171875) 138.078928 ms
=== peak pes 4 rep 4 ===
Running Task Benchmark
  Configuration:
    Task Graph 1:
      Time Steps: 2000
      Max Width: 4
      Dependence Type: trivial
      Radix: 3
      Period: 0
      Fraction Connected: 0.250000
      Kernel:
        Type: compute_bound
        Iterations: 16384
        Samples: 16
        Imbalance: 0.000000
      Output Bytes: 16
      Scratch Bytes: 0
thread #0, nb_tasks 2000, time (0xcfcde0, 0xcfce10), 110.304117 ms, flop/s 3.802607e+10
thread #2, nb_tasks 2000, time (0xcfcdf0, 0xcfce20), 137.859106 ms, flop/s 3.042550e+10
thread #1, nb_tasks 2000, time (0xcfcde8, 0xcfce18), 137.858152 ms, flop/s 3.042571e+10
thread #3, nb_tasks 2000, time (0xcfcdf8, 0xcfce28), 138.008118 ms, flop/s 3.039265e+10
Total Tasks 8000
Total Dependencies 0
  Unable to estimate local/nonlocal dependencies
Total FLOPs 16777728000
Total Bytes 0
Elapsed Time 1.380091e-01 seconds
FLOP/s 1.215697e+11
B/s 0.000000e+00
Transfer (estimated):
  Unable to estimate local/nonlocal transfer
total time (1785431789756.700928, 1785431789894.709961) 138.009071 ms
=== peak pes 4 rep 5 ===
Running Task Benchmark
  Configuration:
    Task Graph 1:
      Time Steps: 2000
      Max Width: 4
      Dependence Type: trivial
      Radix: 3
      Period: 0
      Fraction Connected: 0.250000
      Kernel:
        Type: compute_bound
        Iterations: 16384
        Samples: 16
        Imbalance: 0.000000
      Output Bytes: 16
      Scratch Bytes: 0
thread #0, nb_tasks 2000, time (0x175fde0, 0x175fe10), 110.307932 ms, flop/s 3.802475e+10
thread #2, nb_tasks 2000, time (0x175fdf0, 0x175fe20), 137.887001 ms, flop/s 3.041934e+10
thread #1, nb_tasks 2000, time (0x175fde8, 0x175fe18), 137.888908 ms, flop/s 3.041892e+10
thread #3, nb_tasks 2000, time (0x175fdf8, 0x175fe28), 138.019800 ms, flop/s 3.039007e+10
Total Tasks 8000
Total Dependencies 0
  Unable to estimate local/nonlocal dependencies
Total FLOPs 16777728000
Total Bytes 0
Elapsed Time 1.380198e-01 seconds
FLOP/s 1.215603e+11
B/s 0.000000e+00
Transfer (estimated):
  Unable to estimate local/nonlocal transfer
total time (1785431789975.567139, 1785431790113.586914) 138.019800 ms
=== peak pes 4 rep 6 ===
Running Task Benchmark
  Configuration:
    Task Graph 1:
      Time Steps: 2000
      Max Width: 4
      Dependence Type: trivial
      Radix: 3
      Period: 0
      Fraction Connected: 0.250000
      Kernel:
        Type: compute_bound
        Iterations: 16384
        Samples: 16
        Imbalance: 0.000000
      Output Bytes: 16
      Scratch Bytes: 0
thread #0, nb_tasks 2000, time (0x13c8de0, 0x13c8e10), 110.428095 ms, flop/s 3.798338e+10
thread #2, nb_tasks 2000, time (0x13c8df0, 0x13c8e20), 137.929201 ms, flop/s 3.041004e+10
thread #1, nb_tasks 2000, time (0x13c8de8, 0x13c8e18), 137.938976 ms, flop/s 3.040788e+10
thread #3, nb_tasks 2000, time (0x13c8df8, 0x13c8e28), 137.962103 ms, flop/s 3.040278e+10
Total Tasks 8000
Total Dependencies 0
  Unable to estimate local/nonlocal dependencies
Total FLOPs 16777728000
Total Bytes 0
Elapsed Time 1.379621e-01 seconds
FLOP/s 1.216111e+11
B/s 0.000000e+00
Transfer (estimated):
  Unable to estimate local/nonlocal transfer
total time (1785431790186.853027, 1785431790324.814941) 137.962103 ms
=== peak pes 4 rep 7 ===
Running Task Benchmark
  Configuration:
    Task Graph 1:
      Time Steps: 2000
      Max Width: 4
      Dependence Type: trivial
      Radix: 3
      Period: 0
      Fraction Connected: 0.250000
      Kernel:
        Type: compute_bound
        Iterations: 16384
        Samples: 16
        Imbalance: 0.000000
      Output Bytes: 16
      Scratch Bytes: 0
thread #0, nb_tasks 2000, time (0xca7de0, 0xca7e10), 110.505819 ms, flop/s 3.795666e+10
thread #1, nb_tasks 2000, time (0xca7de8, 0xca7e18), 137.919188 ms, flop/s 3.041224e+10
thread #2, nb_tasks 2000, time (0xca7df0, 0xca7e20), 137.928009 ms, flop/s 3.041030e+10
thread #3, nb_tasks 2000, time (0xca7df8, 0xca7e28), 138.081074 ms, flop/s 3.037659e+10
Total Tasks 8000
Total Dependencies 0
  Unable to estimate local/nonlocal dependencies
Total FLOPs 16777728000
Total Bytes 0
Elapsed Time 1.380832e-01 seconds
FLOP/s 1.215045e+11
B/s 0.000000e+00
Transfer (estimated):
  Unable to estimate local/nonlocal transfer
total time (1785431790416.282959, 1785431790554.366211) 138.083220 ms
=== peak pes 4 rep 8 ===
Running Task Benchmark
  Configuration:
    Task Graph 1:
      Time Steps: 2000
      Max Width: 4
      Dependence Type: trivial
      Radix: 3
      Period: 0
      Fraction Connected: 0.250000
      Kernel:
        Type: compute_bound
        Iterations: 16384
        Samples: 16
        Imbalance: 0.000000
      Output Bytes: 16
      Scratch Bytes: 0
thread #0, nb_tasks 2000, time (0x226ede0, 0x226ee10), 110.328913 ms, flop/s 3.801752e+10
thread #1, nb_tasks 2000, time (0x226ede8, 0x226ee18), 137.880087 ms, flop/s 3.042087e+10
thread #3, nb_tasks 2000, time (0x226edf8, 0x226ee28), 137.894869 ms, flop/s 3.041761e+10
thread #2, nb_tasks 2000, time (0x226edf0, 0x226ee20), 138.020992 ms, flop/s 3.038981e+10
Total Tasks 8000
Total Dependencies 0
  Unable to estimate local/nonlocal dependencies
Total FLOPs 16777728000
Total Bytes 0
Elapsed Time 1.380210e-01 seconds
FLOP/s 1.215592e+11
B/s 0.000000e+00
Transfer (estimated):
  Unable to estimate local/nonlocal transfer
total time (1785431790639.023926, 1785431790777.044922) 138.020992 ms
=== peak pes 4 rep 9 ===
Running Task Benchmark
  Configuration:
    Task Graph 1:
      Time Steps: 2000
      Max Width: 4
      Dependence Type: trivial
      Radix: 3
      Period: 0
      Fraction Connected: 0.250000
      Kernel:
        Type: compute_bound
        Iterations: 16384
        Samples: 16
        Imbalance: 0.000000
      Output Bytes: 16
      Scratch Bytes: 0
thread #0, nb_tasks 2000, time (0x12fbde0, 0x12fbe10), 110.331059 ms, flop/s 3.801678e+10
thread #1, nb_tasks 2000, time (0x12fbde8, 0x12fbe18), 137.885094 ms, flop/s 3.041976e+10
thread #2, nb_tasks 2000, time (0x12fbdf0, 0x12fbe20), 137.889862 ms, flop/s 3.041871e+10
thread #3, nb_tasks 2000, time (0x12fbdf8, 0x12fbe28), 137.984037 ms, flop/s 3.039795e+10
Total Tasks 8000
Total Dependencies 0
  Unable to estimate local/nonlocal dependencies
Total FLOPs 16777728000
Total Bytes 0
Elapsed Time 1.379859e-01 seconds
FLOP/s 1.215901e+11
B/s 0.000000e+00
Transfer (estimated):
  Unable to estimate local/nonlocal transfer
total time (1785431790859.713135, 1785431790997.698975) 137.985945 ms
=== peak pes 4 rep 10 ===
Running Task Benchmark
  Configuration:
    Task Graph 1:
      Time Steps: 2000
      Max Width: 4
      Dependence Type: trivial
      Radix: 3
      Period: 0
      Fraction Connected: 0.250000
      Kernel:
        Type: compute_bound
        Iterations: 16384
        Samples: 16
        Imbalance: 0.000000
      Output Bytes: 16
      Scratch Bytes: 0
thread #0, nb_tasks 2000, time (0x19e4de0, 0x19e4e10), 110.389948 ms, flop/s 3.799650e+10
thread #1, nb_tasks 2000, time (0x19e4de8, 0x19e4e18), 137.950897 ms, flop/s 3.040525e+10
thread #2, nb_tasks 2000, time (0x19e4df0, 0x19e4e20), 137.962818 ms, flop/s 3.040263e+10
thread #3, nb_tasks 2000, time (0x19e4df8, 0x19e4e28), 138.133049 ms, flop/s 3.036516e+10
Total Tasks 8000
Total Dependencies 0
  Unable to estimate local/nonlocal dependencies
Total FLOPs 16777728000
Total Bytes 0
Elapsed Time 1.381340e-01 seconds
FLOP/s 1.214598e+11
B/s 0.000000e+00
Transfer (estimated):
  Unable to estimate local/nonlocal transfer
total time (1785431791085.250977, 1785431791223.385010) 138.134003 ms
=== peak pes 4 rep 11 ===
Running Task Benchmark
  Configuration:
    Task Graph 1:
      Time Steps: 2000
      Max Width: 4
      Dependence Type: trivial
      Radix: 3
      Period: 0
      Fraction Connected: 0.250000
      Kernel:
        Type: compute_bound
        Iterations: 16384
        Samples: 16
        Imbalance: 0.000000
      Output Bytes: 16
      Scratch Bytes: 0
thread #0, nb_tasks 2000, time (0x1f4ede0, 0x1f4ee10), 110.418081 ms, flop/s 3.798682e+10
thread #2, nb_tasks 2000, time (0x1f4edf0, 0x1f4ee20), 137.933016 ms, flop/s 3.040920e+10
thread #1, nb_tasks 2000, time (0x1f4ede8, 0x1f4ee18), 137.942076 ms, flop/s 3.040720e+10
thread #3, nb_tasks 2000, time (0x1f4edf8, 0x1f4ee28), 137.962103 ms, flop/s 3.040278e+10
Total Tasks 8000
Total Dependencies 0
  Unable to estimate local/nonlocal dependencies
Total FLOPs 16777728000
Total Bytes 0
Elapsed Time 1.379621e-01 seconds
FLOP/s 1.216111e+11
B/s 0.000000e+00
Transfer (estimated):
  Unable to estimate local/nonlocal transfer
total time (1785431791303.750977, 1785431791441.713135) 137.962103 ms
=== peak pes 4 rep 12 ===
Running Task Benchmark
  Configuration:
    Task Graph 1:
      Time Steps: 2000
      Max Width: 4
      Dependence Type: trivial
      Radix: 3
      Period: 0
      Fraction Connected: 0.250000
      Kernel:
        Type: compute_bound
        Iterations: 16384
        Samples: 16
        Imbalance: 0.000000
      Output Bytes: 16
      Scratch Bytes: 0
thread #0, nb_tasks 2000, time (0x538de0, 0x538e10), 110.670090 ms, flop/s 3.790032e+10
thread #1, nb_tasks 2000, time (0x538de8, 0x538e18), 137.946844 ms, flop/s 3.040615e+10
thread #2, nb_tasks 2000, time (0x538df0, 0x538e20), 137.982845 ms, flop/s 3.039821e+10
thread #3, nb_tasks 2000, time (0x538df8, 0x538e28), 137.997866 ms, flop/s 3.039490e+10
Total Tasks 8000
Total Dependencies 0
  Unable to estimate local/nonlocal dependencies
Total FLOPs 16777728000
Total Bytes 0
Elapsed Time 1.379998e-01 seconds
FLOP/s 1.215779e+11
B/s 0.000000e+00
Transfer (estimated):
  Unable to estimate local/nonlocal transfer
total time (1785431791527.403076, 1785431791665.402832) 137.999773 ms
=== peak pes 4 rep 13 ===
Running Task Benchmark
  Configuration:
    Task Graph 1:
      Time Steps: 2000
      Max Width: 4
      Dependence Type: trivial
      Radix: 3
      Period: 0
      Fraction Connected: 0.250000
      Kernel:
        Type: compute_bound
        Iterations: 16384
        Samples: 16
        Imbalance: 0.000000
      Output Bytes: 16
      Scratch Bytes: 0
thread #0, nb_tasks 2000, time (0x1bfbde0, 0x1bfbe10), 110.332966 ms, flop/s 3.801613e+10
thread #1, nb_tasks 2000, time (0x1bfbde8, 0x1bfbe18), 137.869835 ms, flop/s 3.042313e+10
thread #2, nb_tasks 2000, time (0x1bfbdf0, 0x1bfbe20), 137.877941 ms, flop/s 3.042134e+10
thread #3, nb_tasks 2000, time (0x1bfbdf8, 0x1bfbe28), 138.036013 ms, flop/s 3.038651e+10
Total Tasks 8000
Total Dependencies 0
  Unable to estimate local/nonlocal dependencies
Total FLOPs 16777728000
Total Bytes 0
Elapsed Time 1.380360e-01 seconds
FLOP/s 1.215460e+11
B/s 0.000000e+00
Transfer (estimated):
  Unable to estimate local/nonlocal transfer
total time (1785431791743.890137, 1785431791881.926025) 138.036013 ms
=== peak pes 4 rep 14 ===
Running Task Benchmark
  Configuration:
    Task Graph 1:
      Time Steps: 2000
      Max Width: 4
      Dependence Type: trivial
      Radix: 3
      Period: 0
      Fraction Connected: 0.250000
      Kernel:
        Type: compute_bound
        Iterations: 16384
        Samples: 16
        Imbalance: 0.000000
      Output Bytes: 16
      Scratch Bytes: 0
thread #0, nb_tasks 2000, time (0x136cde0, 0x136ce10), 110.407829 ms, flop/s 3.799035e+10
thread #2, nb_tasks 2000, time (0x136cdf0, 0x136ce20), 137.891054 ms, flop/s 3.041845e+10
thread #3, nb_tasks 2000, time (0x136cdf8, 0x136ce28), 137.904882 ms, flop/s 3.041540e+10
thread #1, nb_tasks 2000, time (0x136cde8, 0x136ce18), 137.911081 ms, flop/s 3.041403e+10
Total Tasks 8000
Total Dependencies 0
  Unable to estimate local/nonlocal dependencies
Total FLOPs 16777728000
Total Bytes 0
Elapsed Time 1.379120e-01 seconds
FLOP/s 1.216553e+11
B/s 0.000000e+00
Transfer (estimated):
  Unable to estimate local/nonlocal transfer
total time (1785431791973.447998, 1785431792111.360107) 137.912035 ms
=== peak pes 4 rep 15 ===
Running Task Benchmark
  Configuration:
    Task Graph 1:
      Time Steps: 2000
      Max Width: 4
      Dependence Type: trivial
      Radix: 3
      Period: 0
      Fraction Connected: 0.250000
      Kernel:
        Type: compute_bound
        Iterations: 16384
        Samples: 16
        Imbalance: 0.000000
      Output Bytes: 16
      Scratch Bytes: 0
thread #0, nb_tasks 2000, time (0x1484de0, 0x1484e10), 110.314131 ms, flop/s 3.802262e+10
thread #2, nb_tasks 2000, time (0x1484df0, 0x1484e20), 137.890100 ms, flop/s 3.041866e+10
thread #3, nb_tasks 2000, time (0x1484df8, 0x1484e28), 137.910843 ms, flop/s 3.041408e+10
thread #1, nb_tasks 2000, time (0x1484de8, 0x1484e18), 137.977123 ms, flop/s 3.039947e+10
Total Tasks 8000
Total Dependencies 0
  Unable to estimate local/nonlocal dependencies
Total FLOPs 16777728000
Total Bytes 0
Elapsed Time 1.379821e-01 seconds
FLOP/s 1.215935e+11
B/s 0.000000e+00
Transfer (estimated):
  Unable to estimate local/nonlocal transfer
total time (1785431792201.056885, 1785431792339.039062) 137.982130 ms
=== peak pes 8 rep 1 ===
Running Task Benchmark
  Configuration:
    Task Graph 1:
      Time Steps: 2000
      Max Width: 8
      Dependence Type: trivial
      Radix: 3
      Period: 0
      Fraction Connected: 0.250000
      Kernel:
        Type: compute_bound
        Iterations: 16384
        Samples: 16
        Imbalance: 0.000000
      Output Bytes: 16
      Scratch Bytes: 0
thread #0, nb_tasks 2000, time (0xacd6a0, 0xacd600), 110.445023 ms, flop/s 3.797756e+10
thread #1, nb_tasks 2000, time (0xacd6a8, 0xacd608), 137.995005 ms, flop/s 3.039554e+10
thread #3, nb_tasks 2000, time (0xacd6b8, 0xacd618), 138.003111 ms, flop/s 3.039375e+10
thread #7, nb_tasks 2000, time (0xacd6d8, 0xacd638), 138.025999 ms, flop/s 3.038871e+10
thread #2, nb_tasks 2000, time (0xacd6b0, 0xacd610), 138.017893 ms, flop/s 3.039049e+10
thread #4, nb_tasks 2000, time (0xacd6c0, 0xacd620), 138.071060 ms, flop/s 3.037879e+10
thread #5, nb_tasks 2000, time (0xacd6c8, 0xacd628), 138.033152 ms, flop/s 3.038713e+10
thread #6, nb_tasks 2000, time (0xacd6d0, 0xacd630), 138.079882 ms, flop/s 3.037685e+10
Total Tasks 16000
Total Dependencies 0
  Unable to estimate local/nonlocal dependencies
Total FLOPs 33555456000
Total Bytes 0
Elapsed Time 1.380858e-01 seconds
FLOP/s 2.430043e+11
B/s 0.000000e+00
Transfer (estimated):
  Unable to estimate local/nonlocal transfer
total time (1785431792425.775146, 1785431792563.860840) 138.085842 ms
=== peak pes 8 rep 2 ===
Running Task Benchmark
  Configuration:
    Task Graph 1:
      Time Steps: 2000
      Max Width: 8
      Dependence Type: trivial
      Radix: 3
      Period: 0
      Fraction Connected: 0.250000
      Kernel:
        Type: compute_bound
        Iterations: 16384
        Samples: 16
        Imbalance: 0.000000
      Output Bytes: 16
      Scratch Bytes: 0
thread #0, nb_tasks 2000, time (0x22c76a0, 0x22c7600), 110.435963 ms, flop/s 3.798067e+10
thread #6, nb_tasks 2000, time (0x22c76d0, 0x22c7630), 137.961149 ms, flop/s 3.040299e+10
thread #2, nb_tasks 2000, time (0x22c76b0, 0x22c7610), 137.970924 ms, flop/s 3.040084e+10
thread #3, nb_tasks 2000, time (0x22c76b8, 0x22c7618), 137.974977 ms, flop/s 3.039995e+10
thread #7, nb_tasks 2000, time (0x22c76d8, 0x22c7638), 138.002157 ms, flop/s 3.039396e+10
thread #5, nb_tasks 2000, time (0x22c76c8, 0x22c7628), 137.993813 ms, flop/s 3.039580e+10
thread #1, nb_tasks 2000, time (0x22c76a8, 0x22c7608), 137.964964 ms, flop/s 3.040215e+10
thread #4, nb_tasks 2000, time (0x22c76c0, 0x22c7620), 138.090134 ms, flop/s 3.037460e+10
Total Tasks 16000
Total Dependencies 0
  Unable to estimate local/nonlocal dependencies
Total FLOPs 33555456000
Total Bytes 0
Elapsed Time 1.380901e-01 seconds
FLOP/s 2.429968e+11
B/s 0.000000e+00
Transfer (estimated):
  Unable to estimate local/nonlocal transfer
total time (1785431792645.366943, 1785431792783.457031) 138.090134 ms
=== peak pes 8 rep 3 ===
Running Task Benchmark
  Configuration:
    Task Graph 1:
      Time Steps: 2000
      Max Width: 8
      Dependence Type: trivial
      Radix: 3
      Period: 0
      Fraction Connected: 0.250000
      Kernel:
        Type: compute_bound
        Iterations: 16384
        Samples: 16
        Imbalance: 0.000000
      Output Bytes: 16
      Scratch Bytes: 0
thread #0, nb_tasks 2000, time (0x21ca6a0, 0x21ca600), 110.386848 ms, flop/s 3.799757e+10
thread #1, nb_tasks 2000, time (0x21ca6a8, 0x21ca608), 137.933969 ms, flop/s 3.040898e+10
thread #2, nb_tasks 2000, time (0x21ca6b0, 0x21ca610), 137.951136 ms, flop/s 3.040520e+10
thread #3, nb_tasks 2000, time (0x21ca6b8, 0x21ca618), 137.946129 ms, flop/s 3.040630e+10
thread #6, nb_tasks 2000, time (0x21ca6d0, 0x21ca630), 137.943029 ms, flop/s 3.040699e+10
thread #5, nb_tasks 2000, time (0x21ca6c8, 0x21ca628), 137.973785 ms, flop/s 3.040021e+10
thread #4, nb_tasks 2000, time (0x21ca6c0, 0x21ca620), 138.022184 ms, flop/s 3.038955e+10
thread #7, nb_tasks 2000, time (0x21ca6d8, 0x21ca638), 138.072014 ms, flop/s 3.037858e+10
Total Tasks 16000
Total Dependencies 0
  Unable to estimate local/nonlocal dependencies
Total FLOPs 33555456000
Total Bytes 0
Elapsed Time 1.380732e-01 seconds
FLOP/s 2.430266e+11
B/s 0.000000e+00
Transfer (estimated):
  Unable to estimate local/nonlocal transfer
total time (1785431792865.171875, 1785431793003.245117) 138.073206 ms
=== peak pes 8 rep 4 ===
Running Task Benchmark
  Configuration:
    Task Graph 1:
      Time Steps: 2000
      Max Width: 8
      Dependence Type: trivial
      Radix: 3
      Period: 0
      Fraction Connected: 0.250000
      Kernel:
        Type: compute_bound
        Iterations: 16384
        Samples: 16
        Imbalance: 0.000000
      Output Bytes: 16
      Scratch Bytes: 0
thread #0, nb_tasks 2000, time (0x1b6b6a0, 0x1b6b600), 110.420942 ms, flop/s 3.798584e+10
thread #1, nb_tasks 2000, time (0x1b6b6a8, 0x1b6b608), 137.968779 ms, flop/s 3.040131e+10
thread #3, nb_tasks 2000, time (0x1b6b6b8, 0x1b6b618), 137.970924 ms, flop/s 3.040084e+10
thread #6, nb_tasks 2000, time (0x1b6b6d0, 0x1b6b630), 137.974977 ms, flop/s 3.039995e+10
thread #2, nb_tasks 2000, time (0x1b6b6b0, 0x1b6b610), 137.974977 ms, flop/s 3.039995e+10
thread #4, nb_tasks 2000, time (0x1b6b6c0, 0x1b6b620), 137.978077 ms, flop/s 3.039926e+10
thread #5, nb_tasks 2000, time (0x1b6b6c8, 0x1b6b628), 138.053894 ms, flop/s 3.038257e+10
thread #7, nb_tasks 2000, time (0x1b6b6d8, 0x1b6b638), 137.976885 ms, flop/s 3.039953e+10
Total Tasks 16000
Total Dependencies 0
  Unable to estimate local/nonlocal dependencies
Total FLOPs 33555456000
Total Bytes 0
Elapsed Time 1.380560e-01 seconds
FLOP/s 2.430568e+11
B/s 0.000000e+00
Transfer (estimated):
  Unable to estimate local/nonlocal transfer
total time (1785431793094.394043, 1785431793232.449951) 138.056040 ms
=== peak pes 8 rep 5 ===
Running Task Benchmark
  Configuration:
    Task Graph 1:
      Time Steps: 2000
      Max Width: 8
      Dependence Type: trivial
      Radix: 3
      Period: 0
      Fraction Connected: 0.250000
      Kernel:
        Type: compute_bound
        Iterations: 16384
        Samples: 16
        Imbalance: 0.000000
      Output Bytes: 16
      Scratch Bytes: 0
thread #0, nb_tasks 2000, time (0x4646a0, 0x464600), 110.508919 ms, flop/s 3.795560e+10
thread #1, nb_tasks 2000, time (0x4646a8, 0x464608), 138.010979 ms, flop/s 3.039202e+10
thread #6, nb_tasks 2000, time (0x4646d0, 0x464630), 138.021946 ms, flop/s 3.038960e+10
thread #2, nb_tasks 2000, time (0x4646b0, 0x464610), 138.036013 ms, flop/s 3.038651e+10
thread #3, nb_tasks 2000, time (0x4646b8, 0x464618), 138.028860 ms, flop/s 3.038808e+10
thread #7, nb_tasks 2000, time (0x4646d8, 0x464638), 138.068914 ms, flop/s 3.037926e+10
thread #5, nb_tasks 2000, time (0x4646c8, 0x464628), 138.069868 ms, flop/s 3.037905e+10
thread #4, nb_tasks 2000, time (0x4646c0, 0x464620), 138.290167 ms, flop/s 3.033066e+10
Total Tasks 16000
Total Dependencies 0
  Unable to estimate local/nonlocal dependencies
Total FLOPs 33555456000
Total Bytes 0
Elapsed Time 1.382902e-01 seconds
FLOP/s 2.426453e+11
B/s 0.000000e+00
Transfer (estimated):
  Unable to estimate local/nonlocal transfer
total time (1785431793313.870850, 1785431793452.161133) 138.290167 ms
=== peak pes 8 rep 6 ===
Running Task Benchmark
  Configuration:
    Task Graph 1:
      Time Steps: 2000
      Max Width: 8
      Dependence Type: trivial
      Radix: 3
      Period: 0
      Fraction Connected: 0.250000
      Kernel:
        Type: compute_bound
        Iterations: 16384
        Samples: 16
        Imbalance: 0.000000
      Output Bytes: 16
      Scratch Bytes: 0
thread #0, nb_tasks 2000, time (0xd3a6a0, 0xd3a600), 110.551834 ms, flop/s 3.794086e+10
thread #3, nb_tasks 2000, time (0xd3a6b8, 0xd3a618), 138.016939 ms, flop/s 3.039070e+10
thread #6, nb_tasks 2000, time (0xd3a6d0, 0xd3a630), 138.020039 ms, flop/s 3.039002e+10
thread #4, nb_tasks 2000, time (0xd3a6c0, 0xd3a620), 138.053894 ms, flop/s 3.038257e+10
thread #7, nb_tasks 2000, time (0xd3a6d8, 0xd3a638), 138.069868 ms, flop/s 3.037905e+10
thread #2, nb_tasks 2000, time (0xd3a6b0, 0xd3a610), 138.062954 ms, flop/s 3.038058e+10
thread #1, nb_tasks 2000, time (0xd3a6a8, 0xd3a608), 138.020992 ms, flop/s 3.038981e+10
thread #5, nb_tasks 2000, time (0xd3a6c8, 0xd3a628), 138.079882 ms, flop/s 3.037685e+10
Total Tasks 16000
Total Dependencies 0
  Unable to estimate local/nonlocal dependencies
Total FLOPs 33555456000
Total Bytes 0
Elapsed Time 1.380808e-01 seconds
FLOP/s 2.430131e+11
B/s 0.000000e+00
Transfer (estimated):
  Unable to estimate local/nonlocal transfer
total time (1785431793541.680176, 1785431793679.760986) 138.080835 ms
=== peak pes 8 rep 7 ===
Running Task Benchmark
  Configuration:
    Task Graph 1:
      Time Steps: 2000
      Max Width: 8
      Dependence Type: trivial
      Radix: 3
      Period: 0
      Fraction Connected: 0.250000
      Kernel:
        Type: compute_bound
        Iterations: 16384
        Samples: 16
        Imbalance: 0.000000
      Output Bytes: 16
      Scratch Bytes: 0
thread #0, nb_tasks 2000, time (0x12e76a0, 0x12e7600), 110.465050 ms, flop/s 3.797067e+10
thread #6, nb_tasks 2000, time (0x12e76d0, 0x12e7630), 137.979031 ms, flop/s 3.039905e+10
thread #1, nb_tasks 2000, time (0x12e76a8, 0x12e7608), 137.991190 ms, flop/s 3.039638e+10
thread #2, nb_tasks 2000, time (0x12e76b0, 0x12e7610), 138.007164 ms, flop/s 3.039286e+10
thread #3, nb_tasks 2000, time (0x12e76b8, 0x12e7618), 137.995958 ms, flop/s 3.039532e+10
thread #7, nb_tasks 2000, time (0x12e76d8, 0x12e7638), 138.038158 ms, flop/s 3.038603e+10
thread #5, nb_tasks 2000, time (0x12e76c8, 0x12e7628), 138.120174 ms, flop/s 3.036799e+10
thread #4, nb_tasks 2000, time (0x12e76c0, 0x12e7620), 138.146162 ms, flop/s 3.036228e+10
Total Tasks 16000
Total Dependencies 0
  Unable to estimate local/nonlocal dependencies
Total FLOPs 33555456000
Total Bytes 0
Elapsed Time 1.381471e-01 seconds
FLOP/s 2.428965e+11
B/s 0.000000e+00
Transfer (estimated):
  Unable to estimate local/nonlocal transfer
total time (1785431793754.318848, 1785431793892.466064) 138.147116 ms
=== peak pes 8 rep 8 ===
Running Task Benchmark
  Configuration:
    Task Graph 1:
      Time Steps: 2000
      Max Width: 8
      Dependence Type: trivial
      Radix: 3
      Period: 0
      Fraction Connected: 0.250000
      Kernel:
        Type: compute_bound
        Iterations: 16384
        Samples: 16
        Imbalance: 0.000000
      Output Bytes: 16
      Scratch Bytes: 0
thread #0, nb_tasks 2000, time (0x9ea6a0, 0x9ea600), 110.368967 ms, flop/s 3.800373e+10
thread #1, nb_tasks 2000, time (0x9ea6a8, 0x9ea608), 137.923956 ms, flop/s 3.041119e+10
thread #3, nb_tasks 2000, time (0x9ea6b8, 0x9ea618), 137.938023 ms, flop/s 3.040809e+10
thread #6, nb_tasks 2000, time (0x9ea6d0, 0x9ea630), 137.951851 ms, flop/s 3.040504e+10
thread #4, nb_tasks 2000, time (0x9ea6c0, 0x9ea620), 137.939930 ms, flop/s 3.040767e+10
thread #7, nb_tasks 2000, time (0x9ea6d8, 0x9ea638), 137.938976 ms, flop/s 3.040788e+10
thread #5, nb_tasks 2000, time (0x9ea6c8, 0x9ea628), 137.986898 ms, flop/s 3.039732e+10
thread #2, nb_tasks 2000, time (0x9ea6b0, 0x9ea610), 138.051987 ms, flop/s 3.038299e+10
Total Tasks 16000
Total Dependencies 0
  Unable to estimate local/nonlocal dependencies
Total FLOPs 33555456000
Total Bytes 0
Elapsed Time 1.380520e-01 seconds
FLOP/s 2.430639e+11
B/s 0.000000e+00
Transfer (estimated):
  Unable to estimate local/nonlocal transfer
total time (1785431793975.577148, 1785431794113.629150) 138.051987 ms
=== peak pes 8 rep 9 ===
Running Task Benchmark
  Configuration:
    Task Graph 1:
      Time Steps: 2000
      Max Width: 8
      Dependence Type: trivial
      Radix: 3
      Period: 0
      Fraction Connected: 0.250000
      Kernel:
        Type: compute_bound
        Iterations: 16384
        Samples: 16
        Imbalance: 0.000000
      Output Bytes: 16
      Scratch Bytes: 0
thread #0, nb_tasks 2000, time (0x22cd6a0, 0x22cd600), 110.424995 ms, flop/s 3.798444e+10
thread #1, nb_tasks 2000, time (0x22cd6a8, 0x22cd608), 137.951136 ms, flop/s 3.040520e+10
thread #6, nb_tasks 2000, time (0x22cd6d0, 0x22cd630), 137.969017 ms, flop/s 3.040126e+10
thread #2, nb_tasks 2000, time (0x22cd6b0, 0x22cd610), 137.982845 ms, flop/s 3.039821e+10
thread #3, nb_tasks 2000, time (0x22cd6b8, 0x22cd618), 137.955904 ms, flop/s 3.040415e+10
thread #4, nb_tasks 2000, time (0x22cd6c0, 0x22cd620), 137.973070 ms, flop/s 3.040037e+10
thread #5, nb_tasks 2000, time (0x22cd6c8, 0x22cd628), 137.976885 ms, flop/s 3.039953e+10
thread #7, nb_tasks 2000, time (0x22cd6d8, 0x22cd638), 137.970924 ms, flop/s 3.040084e+10
Total Tasks 16000
Total Dependencies 0
  Unable to estimate local/nonlocal dependencies
Total FLOPs 33555456000
Total Bytes 0
Elapsed Time 1.379828e-01 seconds
FLOP/s 2.431857e+11
B/s 0.000000e+00
Transfer (estimated):
  Unable to estimate local/nonlocal transfer
total time (1785431794210.544189, 1785431794348.526855) 137.982845 ms
=== peak pes 8 rep 10 ===
Running Task Benchmark
  Configuration:
    Task Graph 1:
      Time Steps: 2000
      Max Width: 8
      Dependence Type: trivial
      Radix: 3
      Period: 0
      Fraction Connected: 0.250000
      Kernel:
        Type: compute_bound
        Iterations: 16384
        Samples: 16
        Imbalance: 0.000000
      Output Bytes: 16
      Scratch Bytes: 0
thread #0, nb_tasks 2000, time (0x11ab6a0, 0x11ab600), 110.575914 ms, flop/s 3.793260e+10
thread #3, nb_tasks 2000, time (0x11ab6b8, 0x11ab618), 137.964010 ms, flop/s 3.040236e+10
thread #6, nb_tasks 2000, time (0x11ab6d0, 0x11ab630), 137.966871 ms, flop/s 3.040173e+10
thread #4, nb_tasks 2000, time (0x11ab6c0, 0x11ab620), 137.995958 ms, flop/s 3.039532e+10
thread #1, nb_tasks 2000, time (0x11ab6a8, 0x11ab608), 137.984037 ms, flop/s 3.039795e+10
thread #2, nb_tasks 2000, time (0x11ab6b0, 0x11ab610), 137.969971 ms, flop/s 3.040105e+10
thread #7, nb_tasks 2000, time (0x11ab6d8, 0x11ab638), 138.004065 ms, flop/s 3.039354e+10
thread #5, nb_tasks 2000, time (0x11ab6c8, 0x11ab628), 138.079882 ms, flop/s 3.037685e+10
Total Tasks 16000
Total Dependencies 0
  Unable to estimate local/nonlocal dependencies
Total FLOPs 33555456000
Total Bytes 0
Elapsed Time 1.380799e-01 seconds
FLOP/s 2.430148e+11
B/s 0.000000e+00
Transfer (estimated):
  Unable to estimate local/nonlocal transfer
total time (1785431794452.069092, 1785431794590.148926) 138.079882 ms
=== peak pes 8 rep 11 ===
Running Task Benchmark
  Configuration:
    Task Graph 1:
      Time Steps: 2000
      Max Width: 8
      Dependence Type: trivial
      Radix: 3
      Period: 0
      Fraction Connected: 0.250000
      Kernel:
        Type: compute_bound
        Iterations: 16384
        Samples: 16
        Imbalance: 0.000000
      Output Bytes: 16
      Scratch Bytes: 0
thread #0, nb_tasks 2000, time (0x1a866a0, 0x1a86600), 110.450983 ms, flop/s 3.797551e+10
thread #6, nb_tasks 2000, time (0x1a866d0, 0x1a86630), 137.983084 ms, flop/s 3.039816e+10
thread #1, nb_tasks 2000, time (0x1a866a8, 0x1a86608), 137.989998 ms, flop/s 3.039664e+10
thread #4, nb_tasks 2000, time (0x1a866c0, 0x1a86620), 138.019085 ms, flop/s 3.039023e+10
thread #7, nb_tasks 2000, time (0x1a866d8, 0x1a86638), 138.034105 ms, flop/s 3.038692e+10
thread #5, nb_tasks 2000, time (0x1a866c8, 0x1a86628), 138.024092 ms, flop/s 3.038913e+10
thread #2, nb_tasks 2000, time (0x1a866b0, 0x1a86610), 138.008118 ms, flop/s 3.039265e+10
thread #3, nb_tasks 2000, time (0x1a866b8, 0x1a86618), 138.057947 ms, flop/s 3.038168e+10
Total Tasks 16000
Total Dependencies 0
  Unable to estimate local/nonlocal dependencies
Total FLOPs 33555456000
Total Bytes 0
Elapsed Time 1.380579e-01 seconds
FLOP/s 2.430534e+11
B/s 0.000000e+00
Transfer (estimated):
  Unable to estimate local/nonlocal transfer
total time (1785431794679.801025, 1785431794817.858887) 138.057947 ms
=== peak pes 8 rep 12 ===
Running Task Benchmark
  Configuration:
    Task Graph 1:
      Time Steps: 2000
      Max Width: 8
      Dependence Type: trivial
      Radix: 3
      Period: 0
      Fraction Connected: 0.250000
      Kernel:
        Type: compute_bound
        Iterations: 16384
        Samples: 16
        Imbalance: 0.000000
      Output Bytes: 16
      Scratch Bytes: 0
thread #0, nb_tasks 2000, time (0x11f46a0, 0x11f4600), 110.438108 ms, flop/s 3.797993e+10
thread #1, nb_tasks 2000, time (0x11f46a8, 0x11f4608), 137.973070 ms, flop/s 3.040037e+10
thread #3, nb_tasks 2000, time (0x11f46b8, 0x11f4618), 137.979031 ms, flop/s 3.039905e+10
thread #7, nb_tasks 2000, time (0x11f46d8, 0x11f4638), 138.009071 ms, flop/s 3.039244e+10
thread #2, nb_tasks 2000, time (0x11f46b0, 0x11f4610), 137.995005 ms, flop/s 3.039554e+10
thread #4, nb_tasks 2000, time (0x11f46c0, 0x11f4620), 137.998104 ms, flop/s 3.039485e+10
thread #6, nb_tasks 2000, time (0x11f46d0, 0x11f4630), 138.062000 ms, flop/s 3.038079e+10
thread #5, nb_tasks 2000, time (0x11f46c8, 0x11f4628), 137.983084 ms, flop/s 3.039816e+10
Total Tasks 16000
Total Dependencies 0
  Unable to estimate local/nonlocal dependencies
Total FLOPs 33555456000
Total Bytes 0
Elapsed Time 1.380620e-01 seconds
FLOP/s 2.430463e+11
B/s 0.000000e+00
Transfer (estimated):
  Unable to estimate local/nonlocal transfer
total time (1785431794905.498047, 1785431795043.560059) 138.062000 ms
=== peak pes 8 rep 13 ===
Running Task Benchmark
  Configuration:
    Task Graph 1:
      Time Steps: 2000
      Max Width: 8
      Dependence Type: trivial
      Radix: 3
      Period: 0
      Fraction Connected: 0.250000
      Kernel:
        Type: compute_bound
        Iterations: 16384
        Samples: 16
        Imbalance: 0.000000
      Output Bytes: 16
      Scratch Bytes: 0
thread #0, nb_tasks 2000, time (0x19016a0, 0x1901600), 110.456944 ms, flop/s 3.797346e+10
thread #3, nb_tasks 2000, time (0x19016b8, 0x1901618), 138.029814 ms, flop/s 3.038787e+10
thread #7, nb_tasks 2000, time (0x19016d8, 0x1901638), 138.039827 ms, flop/s 3.038567e+10
thread #5, nb_tasks 2000, time (0x19016c8, 0x1901628), 138.053894 ms, flop/s 3.038257e+10
thread #4, nb_tasks 2000, time (0x19016c0, 0x1901620), 138.034821 ms, flop/s 3.038677e+10
thread #2, nb_tasks 2000, time (0x19016b0, 0x1901610), 138.045788 ms, flop/s 3.038435e+10
thread #1, nb_tasks 2000, time (0x19016a8, 0x1901608), 138.072968 ms, flop/s 3.037837e+10
thread #6, nb_tasks 2000, time (0x19016d0, 0x1901630), 138.194799 ms, flop/s 3.035159e+10
Total Tasks 16000
Total Dependencies 0
  Unable to estimate local/nonlocal dependencies
Total FLOPs 33555456000
Total Bytes 0
Elapsed Time 1.381948e-01 seconds
FLOP/s 2.428127e+11
B/s 0.000000e+00
Transfer (estimated):
  Unable to estimate local/nonlocal transfer
total time (1785431795124.380127, 1785431795262.574951) 138.194799 ms
=== peak pes 8 rep 14 ===
Running Task Benchmark
  Configuration:
    Task Graph 1:
      Time Steps: 2000
      Max Width: 8
      Dependence Type: trivial
      Radix: 3
      Period: 0
      Fraction Connected: 0.250000
      Kernel:
        Type: compute_bound
        Iterations: 16384
        Samples: 16
        Imbalance: 0.000000
      Output Bytes: 16
      Scratch Bytes: 0
thread #0, nb_tasks 2000, time (0x12606a0, 0x1260600), 110.455036 ms, flop/s 3.797411e+10
thread #6, nb_tasks 2000, time (0x12606d0, 0x1260630), 138.000965 ms, flop/s 3.039422e+10
thread #1, nb_tasks 2000, time (0x12606a8, 0x1260608), 138.001919 ms, flop/s 3.039401e+10
thread #4, nb_tasks 2000, time (0x12606c0, 0x1260620), 138.031960 ms, flop/s 3.038740e+10
thread #2, nb_tasks 2000, time (0x12606b0, 0x1260610), 138.007879 ms, flop/s 3.039270e+10
thread #7, nb_tasks 2000, time (0x12606d8, 0x1260638), 138.040066 ms, flop/s 3.038561e+10
thread #3, nb_tasks 2000, time (0x12606b8, 0x1260618), 138.068914 ms, flop/s 3.037926e+10
thread #5, nb_tasks 2000, time (0x12606c8, 0x1260628), 138.108015 ms, flop/s 3.037066e+10
Total Tasks 16000
Total Dependencies 0
  Unable to estimate local/nonlocal dependencies
Total FLOPs 33555456000
Total Bytes 0
Elapsed Time 1.381090e-01 seconds
FLOP/s 2.429636e+11
B/s 0.000000e+00
Transfer (estimated):
  Unable to estimate local/nonlocal transfer
total time (1785431795358.016113, 1785431795496.125000) 138.108969 ms
=== peak pes 8 rep 15 ===
Running Task Benchmark
  Configuration:
    Task Graph 1:
      Time Steps: 2000
      Max Width: 8
      Dependence Type: trivial
      Radix: 3
      Period: 0
      Fraction Connected: 0.250000
      Kernel:
        Type: compute_bound
        Iterations: 16384
        Samples: 16
        Imbalance: 0.000000
      Output Bytes: 16
      Scratch Bytes: 0
thread #0, nb_tasks 2000, time (0xb8c6a0, 0xb8c600), 110.450983 ms, flop/s 3.797551e+10
thread #6, nb_tasks 2000, time (0xb8c6d0, 0xb8c630), 137.975931 ms, flop/s 3.039974e+10
thread #2, nb_tasks 2000, time (0xb8c6b0, 0xb8c610), 137.995005 ms, flop/s 3.039554e+10
thread #1, nb_tasks 2000, time (0xb8c6a8, 0xb8c608), 137.976885 ms, flop/s 3.039953e+10
thread #3, nb_tasks 2000, time (0xb8c6b8, 0xb8c618), 137.999058 ms, flop/s 3.039464e+10
thread #4, nb_tasks 2000, time (0xb8c6c0, 0xb8c620), 138.012886 ms, flop/s 3.039160e+10
thread #5, nb_tasks 2000, time (0xb8c6c8, 0xb8c628), 138.020039 ms, flop/s 3.039002e+10
thread #7, nb_tasks 2000, time (0xb8c6d8, 0xb8c638), 138.148069 ms, flop/s 3.036186e+10
Total Tasks 16000
Total Dependencies 0
  Unable to estimate local/nonlocal dependencies
Total FLOPs 33555456000
Total Bytes 0
Elapsed Time 1.381490e-01 seconds
FLOP/s 2.428932e+11
B/s 0.000000e+00
Transfer (estimated):
  Unable to estimate local/nonlocal transfer
total time (1785431795581.468994, 1785431795719.618164) 138.149023 ms
